// Jest Snapshot v1, https://goo.gl/fbAQLP

exports[`component.Logo renders size large variant full 1`] = `
<DocumentFragment>
  <div
    class="css-0"
  >
    <div
      class="css-1m29ivc"
    >
      <div
        class="css-0"
      >
        <svg
          class="chakra-icon css-11fg869"
          focusable="false"
          viewBox="111.5 75.39 767.7 197.71"
        >
          <path
            class="color-1"
            d="M268.5 75.6c-23.5 3.8-43.2 13.5-60.3 29.8-11.9 11.4-20 23.6-26.9 40.3l-2.1 5.3h-7.9c-9.3 0-20.2 2.8-28.8 7.3-8.4 4.5-20.1 16.4-24.6 25.2-5.3 10.2-6.4 15.3-6.4 29 0 9.7.5 13.4 2.3 19.2 5.7 18.1 23.5 35 41.9 39.8 7.6 2 24.4 2 31.4-.1 5.2-1.5 7.4-3.6 63.7-59.7 32-32 58.2-58.5 58.2-59s-7.4-.7-16.5-.5l-16.5.3-48.3 48.3-48.2 48.2h-7.6c-15.9 0-27.4-7.1-34-21.2-3-6.4-3.4-8.3-3.4-15.3 0-6.9.4-8.9 3.1-14.6 4.3-8.9 9.3-14.2 17.2-18.1l6.6-3.3 18.3-.3c12.5-.2 18.4-.7 19.1-1.5.4-.7 1.6-4.7 2.5-8.9 4.8-23 23.4-47 44.7-57.8 5.7-2.9 15-6.3 20.6-7.6 6-1.3 25.8-1.6 33.2-.4 21.4 3.4 39.2 14.1 53.7 32.1l5.3 6.6 8.9.6c4.8.4 10.5 1.2 12.6 1.8 2.2.6 4.2.8 4.5.4.3-.3-.6-3.1-2.2-6.2-13.5-27.7-40.2-48.9-71.4-56.9-7.7-2-12.8-2.6-24.7-2.9-8.2-.2-16.3-.1-18 .1z"
          />
          <path
            class="color-2"
            d="M857 159.5v48.4l-3.7 3.7c-9.6 9.3-21.1 9.8-27.7 1.1-5.1-6.7-7.4-18.6-5.6-29.9 2-12.8 7.6-19.3 18-20.5 5.7-.7 9.3-3.1 12.3-8.2l1.8-3.1-2.8-1.2c-1.5-.6-7.5-1.2-13.3-1.2-9.2-.1-11.1.2-14.9 2.3-6.2 3.2-14.3 11.1-17.4 16.9-10.3 18.9-6 46.5 9.1 58.9 12 9.8 30 9.6 40.9-.5l4.1-3.7 2.3 4.5 2.4 4.5 8.4.3 8.3.3-.7-3.3c-.4-1.8-.9-29.1-1.2-60.6l-.4-57.2H857v48.5zm-392.3-43.8c-.4.3-.7 26.7-.7 58.5V232h21V130h48.1l-.3-7.3-.3-7.2-33.6-.3c-18.4-.1-33.8.1-34.2.5zM645.4 148c-19.4 4.1-31.4 20-31.4 41.3 0 19.1 8.3 33.9 22.8 40.8 5.5 2.7 8.1 3.3 15.7 3.6 9.9.5 19.7-1.1 27.9-4.6 5.4-2.4 5.4-2.7 1.7-11.4l-2-4.5-6.1 2.4c-7.5 3.1-18.2 4.2-23.5 2.4s-10.9-7.1-13.6-13.3c-1.9-4.3-2.3-6.9-2.4-15.2 0-11.3 1.3-16 5.8-21.1 4-4.7 7.6-6.4 13.3-6.4 8.3 0 13.8 5.2 15 14.4l.7 4.6h-9.7c-11.5 0-14.4 1.2-18.1 7.3-1.4 2.4-2.5 4.7-2.5 5 0 .4 10.4.7 23 .7h23l1.2-2.8c.6-1.5 1.1-6.5 1.2-11.2 0-6.7-.4-9.5-2.2-13.3-5.5-12.1-15.3-18.8-28.5-19.3-4-.2-9 .1-11.3.6zm-60.4 2.2c-2.5 1.4-5.8 4.3-7.5 6.6-3.2 4.3-4.5 5.1-4.5 2.7 0-.8-.9-3.5-2.1-6l-2.1-4.5h-16l.7 2.7c.4 1.6 1 20.2 1.2 41.5l.4 38.8h18.7l.4-24.8c.4-19.6.9-25.6 2.2-29.1 3.9-10.4 11.2-15.2 20.5-13.4l4.9 1 1.2-8c.6-4.3.9-8.2.5-8.5-.3-.4-3.6-.8-7.3-1-5.6-.3-7.4 0-11.2 2zm121 31c0 19.9.4 33.8 1.1 36.3 3.5 13 16.6 19.4 31.4 15.4 5.5-1.5 15.5-6 15.5-7 0-.4-1.7-2.4-3.7-4.5-3.8-3.6-3.8-3.6-10.8-3.1-8.2.6-11-.5-12.5-4.6-.6-1.8-1-14.9-1-33.8V149h-20v32.2zm52 4.1v36.3l2.6 5.2 2.6 5.2h17l-.7-3.3c-.4-1.7-.9-20.4-1.2-41.5l-.4-38.2H758v36.3zm-494 27.2L203.5 273h18l18 .1L287 225l47.5-48.1 11.2.1c13 0 19 1.7 26.3 7.6 21 16.7 17.6 48.1-6.6 60.4l-4.9 2.5-37.1.5-37.1.5-11.6 11.1c-6.4 6.1-11.7 11.6-11.7 12.2 0 .9 12.5 1.2 49.8 1.2 55.3 0 54.8 0 67.2-6.7 8.1-4.5 19.5-15.9 23.7-23.9 5.1-9.6 6.7-16.6 6.7-28.4 0-6.5-.7-12.9-1.7-16.9-5.5-20.7-21.9-37.3-42.7-43-6.2-1.7-10.4-2.1-24.5-2.1h-17L264 212.5z"
          />
          <path
            class="color-2"
            d="M498.3 166c-1.9 1.1-4.3 4.1-5.8 7l-2.5 5h38v-14h-13.2c-11.4 0-13.7.3-16.5 2z"
          />
        </svg>
      </div>
    </div>
  </div>
  <span
    hidden=""
    id="__chakra_env"
  />
</DocumentFragment>
`;

exports[`component.Logo renders size large variant icon 1`] = `
<DocumentFragment>
  <div
    class="css-0"
  >
    <div
      class="css-1m29ivc"
    >
      <div
        class="css-0"
      >
        <svg
          class="chakra-icon css-11fg869"
          focusable="false"
          viewBox="0 0 580 383"
        >
          <path
            class="color-1"
            d="M350.56.58c94.31,6,160.37,73.07,180.53,129.82-11-2.94-21.8-5.47-32.93-6.24-5.14-.36-10.31-.77-15.46-.67-3.45.07-5.42-1.28-7.28-4C423,41.53,317.17,22,240.69,76.22c-19.67,14-35.26,31.64-47.8,52.31a159.71,159.71,0,0,0-21.57,62.19c-.45,3.28-1.87,3.91-4.83,3.89-16.16-.12-32.33-.36-48.48,0-23.72.55-44.05,9-58.46,28.41C43,245.33,40,269.91,51.35,295.23c11.08,24.77,31,38.4,58,41.6,7.89.93,15.61-.17,23.35-1.36a5,5,0,0,0,2.94-1.6Q226.29,242.9,317,152c1.46-1.46,2.88-2.48,5.15-2.47,20.32.1,40.65.07,61,.1.29,0,.57.22,1.39.57-1.41,1.52-2.66,2.95-4,4.29q-107.08,107.1-214,214.3c-6.6,6.64-13.73,10.66-22.73,12.15-2.06.34-4.35.2-6.17,1.61h-38c-21.31-1.73-39.72-10.61-56-23.83C21.66,340.88,7.36,318,1.71,290.21-.41,279.77,0,269,.13,258.38c.36-26.21,9.67-49.29,26.35-69,26.09-30.88,60-45,100.28-43.17,4.43.2,6.18-1.21,7.54-5.07,10.82-30.82,27.65-58.06,51-80.85,31.92-31.18,69.88-51.2,114.14-58.63a69.26,69.26,0,0,1,11.41-1c3.54-.15,7.08.32,10.61-.32a6.74,6.74,0,0,1,1.73-.18C332.3.4,341.45-.57,350.56.58Z"
            fill="#C08D2C"
          />
          <path
            class="color-2"
            d="M179.66,382.53c1.2-1.35,2.33-2.76,3.6-4,58-58,116.11-115.77,173.77-174,17.69-17.87,35.79-35.32,53.4-53.25a8.08,8.08,0,0,1,6.24-2.72c15.52-.13,31.05.31,46.58.07,25.36-.39,48,7.72,68.09,22.47,25.29,18.57,40.45,43.72,46.22,74.54,1.42,2.17-.28,4.8,1,7h0c1.16,8.23.22,16.49.53,24.73,0,.53,0,1.07,0,1.6-.68,2.19-.42,4.46-.5,6.7a8.6,8.6,0,0,1-.18,1.43c-.51,1.62-.33,3.34-.76,5a107.36,107.36,0,0,1-16.72,40.22c-16.2,24.11-38.41,40-66.13,48.44-4,1.2-8.17.89-12.18,1.86h-189c-1-2.78,1-4.47,2.55-6,13.32-13.28,26.52-26.69,40-39.85,2.67-2.61,5.91-2.76,9.28-2.76h65.95c20,0,40-.13,59.95.07a42.81,42.81,0,0,0,18.39-3.91C536.31,309,545,250.37,511.47,217.13c-14.18-14-31.1-20.65-50.78-20.91-7.16-.09-14.32.05-21.48,0a11.65,11.65,0,0,0-8.95,3.55c-30.83,30.88-62.12,61.31-92.4,92.71-28.1,29.13-57.15,57.3-85.45,86.21a24.59,24.59,0,0,1-5.76,3.88Z"
            fill="#FFFFFF"
          />
        </svg>
      </div>
    </div>
  </div>
  <span
    hidden=""
    id="__chakra_env"
  />
</DocumentFragment>
`;

exports[`component.Logo renders size medium variant full 1`] = `
<DocumentFragment>
  <div
    class="css-0"
  >
    <div
      class="css-1m29ivc"
    >
      <div
        class="css-0"
      >
        <svg
          class="chakra-icon css-bu0nxv"
          focusable="false"
          viewBox="111.5 75.39 767.7 197.71"
        >
          <path
            class="color-1"
            d="M268.5 75.6c-23.5 3.8-43.2 13.5-60.3 29.8-11.9 11.4-20 23.6-26.9 40.3l-2.1 5.3h-7.9c-9.3 0-20.2 2.8-28.8 7.3-8.4 4.5-20.1 16.4-24.6 25.2-5.3 10.2-6.4 15.3-6.4 29 0 9.7.5 13.4 2.3 19.2 5.7 18.1 23.5 35 41.9 39.8 7.6 2 24.4 2 31.4-.1 5.2-1.5 7.4-3.6 63.7-59.7 32-32 58.2-58.5 58.2-59s-7.4-.7-16.5-.5l-16.5.3-48.3 48.3-48.2 48.2h-7.6c-15.9 0-27.4-7.1-34-21.2-3-6.4-3.4-8.3-3.4-15.3 0-6.9.4-8.9 3.1-14.6 4.3-8.9 9.3-14.2 17.2-18.1l6.6-3.3 18.3-.3c12.5-.2 18.4-.7 19.1-1.5.4-.7 1.6-4.7 2.5-8.9 4.8-23 23.4-47 44.7-57.8 5.7-2.9 15-6.3 20.6-7.6 6-1.3 25.8-1.6 33.2-.4 21.4 3.4 39.2 14.1 53.7 32.1l5.3 6.6 8.9.6c4.8.4 10.5 1.2 12.6 1.8 2.2.6 4.2.8 4.5.4.3-.3-.6-3.1-2.2-6.2-13.5-27.7-40.2-48.9-71.4-56.9-7.7-2-12.8-2.6-24.7-2.9-8.2-.2-16.3-.1-18 .1z"
          />
          <path
            class="color-2"
            d="M857 159.5v48.4l-3.7 3.7c-9.6 9.3-21.1 9.8-27.7 1.1-5.1-6.7-7.4-18.6-5.6-29.9 2-12.8 7.6-19.3 18-20.5 5.7-.7 9.3-3.1 12.3-8.2l1.8-3.1-2.8-1.2c-1.5-.6-7.5-1.2-13.3-1.2-9.2-.1-11.1.2-14.9 2.3-6.2 3.2-14.3 11.1-17.4 16.9-10.3 18.9-6 46.5 9.1 58.9 12 9.8 30 9.6 40.9-.5l4.1-3.7 2.3 4.5 2.4 4.5 8.4.3 8.3.3-.7-3.3c-.4-1.8-.9-29.1-1.2-60.6l-.4-57.2H857v48.5zm-392.3-43.8c-.4.3-.7 26.7-.7 58.5V232h21V130h48.1l-.3-7.3-.3-7.2-33.6-.3c-18.4-.1-33.8.1-34.2.5zM645.4 148c-19.4 4.1-31.4 20-31.4 41.3 0 19.1 8.3 33.9 22.8 40.8 5.5 2.7 8.1 3.3 15.7 3.6 9.9.5 19.7-1.1 27.9-4.6 5.4-2.4 5.4-2.7 1.7-11.4l-2-4.5-6.1 2.4c-7.5 3.1-18.2 4.2-23.5 2.4s-10.9-7.1-13.6-13.3c-1.9-4.3-2.3-6.9-2.4-15.2 0-11.3 1.3-16 5.8-21.1 4-4.7 7.6-6.4 13.3-6.4 8.3 0 13.8 5.2 15 14.4l.7 4.6h-9.7c-11.5 0-14.4 1.2-18.1 7.3-1.4 2.4-2.5 4.7-2.5 5 0 .4 10.4.7 23 .7h23l1.2-2.8c.6-1.5 1.1-6.5 1.2-11.2 0-6.7-.4-9.5-2.2-13.3-5.5-12.1-15.3-18.8-28.5-19.3-4-.2-9 .1-11.3.6zm-60.4 2.2c-2.5 1.4-5.8 4.3-7.5 6.6-3.2 4.3-4.5 5.1-4.5 2.7 0-.8-.9-3.5-2.1-6l-2.1-4.5h-16l.7 2.7c.4 1.6 1 20.2 1.2 41.5l.4 38.8h18.7l.4-24.8c.4-19.6.9-25.6 2.2-29.1 3.9-10.4 11.2-15.2 20.5-13.4l4.9 1 1.2-8c.6-4.3.9-8.2.5-8.5-.3-.4-3.6-.8-7.3-1-5.6-.3-7.4 0-11.2 2zm121 31c0 19.9.4 33.8 1.1 36.3 3.5 13 16.6 19.4 31.4 15.4 5.5-1.5 15.5-6 15.5-7 0-.4-1.7-2.4-3.7-4.5-3.8-3.6-3.8-3.6-10.8-3.1-8.2.6-11-.5-12.5-4.6-.6-1.8-1-14.9-1-33.8V149h-20v32.2zm52 4.1v36.3l2.6 5.2 2.6 5.2h17l-.7-3.3c-.4-1.7-.9-20.4-1.2-41.5l-.4-38.2H758v36.3zm-494 27.2L203.5 273h18l18 .1L287 225l47.5-48.1 11.2.1c13 0 19 1.7 26.3 7.6 21 16.7 17.6 48.1-6.6 60.4l-4.9 2.5-37.1.5-37.1.5-11.6 11.1c-6.4 6.1-11.7 11.6-11.7 12.2 0 .9 12.5 1.2 49.8 1.2 55.3 0 54.8 0 67.2-6.7 8.1-4.5 19.5-15.9 23.7-23.9 5.1-9.6 6.7-16.6 6.7-28.4 0-6.5-.7-12.9-1.7-16.9-5.5-20.7-21.9-37.3-42.7-43-6.2-1.7-10.4-2.1-24.5-2.1h-17L264 212.5z"
          />
          <path
            class="color-2"
            d="M498.3 166c-1.9 1.1-4.3 4.1-5.8 7l-2.5 5h38v-14h-13.2c-11.4 0-13.7.3-16.5 2z"
          />
        </svg>
      </div>
    </div>
  </div>
  <span
    hidden=""
    id="__chakra_env"
  />
</DocumentFragment>
`;

exports[`component.Logo renders size medium variant icon 1`] = `
<DocumentFragment>
  <div
    class="css-0"
  >
    <div
      class="css-1m29ivc"
    >
      <div
        class="css-0"
      >
        <svg
          class="chakra-icon css-bu0nxv"
          focusable="false"
          viewBox="0 0 580 383"
        >
          <path
            class="color-1"
            d="M350.56.58c94.31,6,160.37,73.07,180.53,129.82-11-2.94-21.8-5.47-32.93-6.24-5.14-.36-10.31-.77-15.46-.67-3.45.07-5.42-1.28-7.28-4C423,41.53,317.17,22,240.69,76.22c-19.67,14-35.26,31.64-47.8,52.31a159.71,159.71,0,0,0-21.57,62.19c-.45,3.28-1.87,3.91-4.83,3.89-16.16-.12-32.33-.36-48.48,0-23.72.55-44.05,9-58.46,28.41C43,245.33,40,269.91,51.35,295.23c11.08,24.77,31,38.4,58,41.6,7.89.93,15.61-.17,23.35-1.36a5,5,0,0,0,2.94-1.6Q226.29,242.9,317,152c1.46-1.46,2.88-2.48,5.15-2.47,20.32.1,40.65.07,61,.1.29,0,.57.22,1.39.57-1.41,1.52-2.66,2.95-4,4.29q-107.08,107.1-214,214.3c-6.6,6.64-13.73,10.66-22.73,12.15-2.06.34-4.35.2-6.17,1.61h-38c-21.31-1.73-39.72-10.61-56-23.83C21.66,340.88,7.36,318,1.71,290.21-.41,279.77,0,269,.13,258.38c.36-26.21,9.67-49.29,26.35-69,26.09-30.88,60-45,100.28-43.17,4.43.2,6.18-1.21,7.54-5.07,10.82-30.82,27.65-58.06,51-80.85,31.92-31.18,69.88-51.2,114.14-58.63a69.26,69.26,0,0,1,11.41-1c3.54-.15,7.08.32,10.61-.32a6.74,6.74,0,0,1,1.73-.18C332.3.4,341.45-.57,350.56.58Z"
            fill="#C08D2C"
          />
          <path
            class="color-2"
            d="M179.66,382.53c1.2-1.35,2.33-2.76,3.6-4,58-58,116.11-115.77,173.77-174,17.69-17.87,35.79-35.32,53.4-53.25a8.08,8.08,0,0,1,6.24-2.72c15.52-.13,31.05.31,46.58.07,25.36-.39,48,7.72,68.09,22.47,25.29,18.57,40.45,43.72,46.22,74.54,1.42,2.17-.28,4.8,1,7h0c1.16,8.23.22,16.49.53,24.73,0,.53,0,1.07,0,1.6-.68,2.19-.42,4.46-.5,6.7a8.6,8.6,0,0,1-.18,1.43c-.51,1.62-.33,3.34-.76,5a107.36,107.36,0,0,1-16.72,40.22c-16.2,24.11-38.41,40-66.13,48.44-4,1.2-8.17.89-12.18,1.86h-189c-1-2.78,1-4.47,2.55-6,13.32-13.28,26.52-26.69,40-39.85,2.67-2.61,5.91-2.76,9.28-2.76h65.95c20,0,40-.13,59.95.07a42.81,42.81,0,0,0,18.39-3.91C536.31,309,545,250.37,511.47,217.13c-14.18-14-31.1-20.65-50.78-20.91-7.16-.09-14.32.05-21.48,0a11.65,11.65,0,0,0-8.95,3.55c-30.83,30.88-62.12,61.31-92.4,92.71-28.1,29.13-57.15,57.3-85.45,86.21a24.59,24.59,0,0,1-5.76,3.88Z"
            fill="#FFFFFF"
          />
        </svg>
      </div>
    </div>
  </div>
  <span
    hidden=""
    id="__chakra_env"
  />
</DocumentFragment>
`;

exports[`component.Logo renders size small variant full 1`] = `
<DocumentFragment>
  <div
    class="css-0"
  >
    <div
      class="css-1m29ivc"
    >
      <div
        class="css-0"
      >
        <svg
          class="chakra-icon css-qtmano"
          focusable="false"
          viewBox="111.5 75.39 767.7 197.71"
        >
          <path
            class="color-1"
            d="M268.5 75.6c-23.5 3.8-43.2 13.5-60.3 29.8-11.9 11.4-20 23.6-26.9 40.3l-2.1 5.3h-7.9c-9.3 0-20.2 2.8-28.8 7.3-8.4 4.5-20.1 16.4-24.6 25.2-5.3 10.2-6.4 15.3-6.4 29 0 9.7.5 13.4 2.3 19.2 5.7 18.1 23.5 35 41.9 39.8 7.6 2 24.4 2 31.4-.1 5.2-1.5 7.4-3.6 63.7-59.7 32-32 58.2-58.5 58.2-59s-7.4-.7-16.5-.5l-16.5.3-48.3 48.3-48.2 48.2h-7.6c-15.9 0-27.4-7.1-34-21.2-3-6.4-3.4-8.3-3.4-15.3 0-6.9.4-8.9 3.1-14.6 4.3-8.9 9.3-14.2 17.2-18.1l6.6-3.3 18.3-.3c12.5-.2 18.4-.7 19.1-1.5.4-.7 1.6-4.7 2.5-8.9 4.8-23 23.4-47 44.7-57.8 5.7-2.9 15-6.3 20.6-7.6 6-1.3 25.8-1.6 33.2-.4 21.4 3.4 39.2 14.1 53.7 32.1l5.3 6.6 8.9.6c4.8.4 10.5 1.2 12.6 1.8 2.2.6 4.2.8 4.5.4.3-.3-.6-3.1-2.2-6.2-13.5-27.7-40.2-48.9-71.4-56.9-7.7-2-12.8-2.6-24.7-2.9-8.2-.2-16.3-.1-18 .1z"
          />
          <path
            class="color-2"
            d="M857 159.5v48.4l-3.7 3.7c-9.6 9.3-21.1 9.8-27.7 1.1-5.1-6.7-7.4-18.6-5.6-29.9 2-12.8 7.6-19.3 18-20.5 5.7-.7 9.3-3.1 12.3-8.2l1.8-3.1-2.8-1.2c-1.5-.6-7.5-1.2-13.3-1.2-9.2-.1-11.1.2-14.9 2.3-6.2 3.2-14.3 11.1-17.4 16.9-10.3 18.9-6 46.5 9.1 58.9 12 9.8 30 9.6 40.9-.5l4.1-3.7 2.3 4.5 2.4 4.5 8.4.3 8.3.3-.7-3.3c-.4-1.8-.9-29.1-1.2-60.6l-.4-57.2H857v48.5zm-392.3-43.8c-.4.3-.7 26.7-.7 58.5V232h21V130h48.1l-.3-7.3-.3-7.2-33.6-.3c-18.4-.1-33.8.1-34.2.5zM645.4 148c-19.4 4.1-31.4 20-31.4 41.3 0 19.1 8.3 33.9 22.8 40.8 5.5 2.7 8.1 3.3 15.7 3.6 9.9.5 19.7-1.1 27.9-4.6 5.4-2.4 5.4-2.7 1.7-11.4l-2-4.5-6.1 2.4c-7.5 3.1-18.2 4.2-23.5 2.4s-10.9-7.1-13.6-13.3c-1.9-4.3-2.3-6.9-2.4-15.2 0-11.3 1.3-16 5.8-21.1 4-4.7 7.6-6.4 13.3-6.4 8.3 0 13.8 5.2 15 14.4l.7 4.6h-9.7c-11.5 0-14.4 1.2-18.1 7.3-1.4 2.4-2.5 4.7-2.5 5 0 .4 10.4.7 23 .7h23l1.2-2.8c.6-1.5 1.1-6.5 1.2-11.2 0-6.7-.4-9.5-2.2-13.3-5.5-12.1-15.3-18.8-28.5-19.3-4-.2-9 .1-11.3.6zm-60.4 2.2c-2.5 1.4-5.8 4.3-7.5 6.6-3.2 4.3-4.5 5.1-4.5 2.7 0-.8-.9-3.5-2.1-6l-2.1-4.5h-16l.7 2.7c.4 1.6 1 20.2 1.2 41.5l.4 38.8h18.7l.4-24.8c.4-19.6.9-25.6 2.2-29.1 3.9-10.4 11.2-15.2 20.5-13.4l4.9 1 1.2-8c.6-4.3.9-8.2.5-8.5-.3-.4-3.6-.8-7.3-1-5.6-.3-7.4 0-11.2 2zm121 31c0 19.9.4 33.8 1.1 36.3 3.5 13 16.6 19.4 31.4 15.4 5.5-1.5 15.5-6 15.5-7 0-.4-1.7-2.4-3.7-4.5-3.8-3.6-3.8-3.6-10.8-3.1-8.2.6-11-.5-12.5-4.6-.6-1.8-1-14.9-1-33.8V149h-20v32.2zm52 4.1v36.3l2.6 5.2 2.6 5.2h17l-.7-3.3c-.4-1.7-.9-20.4-1.2-41.5l-.4-38.2H758v36.3zm-494 27.2L203.5 273h18l18 .1L287 225l47.5-48.1 11.2.1c13 0 19 1.7 26.3 7.6 21 16.7 17.6 48.1-6.6 60.4l-4.9 2.5-37.1.5-37.1.5-11.6 11.1c-6.4 6.1-11.7 11.6-11.7 12.2 0 .9 12.5 1.2 49.8 1.2 55.3 0 54.8 0 67.2-6.7 8.1-4.5 19.5-15.9 23.7-23.9 5.1-9.6 6.7-16.6 6.7-28.4 0-6.5-.7-12.9-1.7-16.9-5.5-20.7-21.9-37.3-42.7-43-6.2-1.7-10.4-2.1-24.5-2.1h-17L264 212.5z"
          />
          <path
            class="color-2"
            d="M498.3 166c-1.9 1.1-4.3 4.1-5.8 7l-2.5 5h38v-14h-13.2c-11.4 0-13.7.3-16.5 2z"
          />
        </svg>
      </div>
    </div>
  </div>
  <span
    hidden=""
    id="__chakra_env"
  />
</DocumentFragment>
`;

exports[`component.Logo renders size small variant icon 1`] = `
<DocumentFragment>
  <div
    class="css-0"
  >
    <div
      class="css-1m29ivc"
    >
      <div
        class="css-0"
      >
        <svg
          class="chakra-icon css-qtmano"
          focusable="false"
          viewBox="0 0 580 383"
        >
          <path
            class="color-1"
            d="M350.56.58c94.31,6,160.37,73.07,180.53,129.82-11-2.94-21.8-5.47-32.93-6.24-5.14-.36-10.31-.77-15.46-.67-3.45.07-5.42-1.28-7.28-4C423,41.53,317.17,22,240.69,76.22c-19.67,14-35.26,31.64-47.8,52.31a159.71,159.71,0,0,0-21.57,62.19c-.45,3.28-1.87,3.91-4.83,3.89-16.16-.12-32.33-.36-48.48,0-23.72.55-44.05,9-58.46,28.41C43,245.33,40,269.91,51.35,295.23c11.08,24.77,31,38.4,58,41.6,7.89.93,15.61-.17,23.35-1.36a5,5,0,0,0,2.94-1.6Q226.29,242.9,317,152c1.46-1.46,2.88-2.48,5.15-2.47,20.32.1,40.65.07,61,.1.29,0,.57.22,1.39.57-1.41,1.52-2.66,2.95-4,4.29q-107.08,107.1-214,214.3c-6.6,6.64-13.73,10.66-22.73,12.15-2.06.34-4.35.2-6.17,1.61h-38c-21.31-1.73-39.72-10.61-56-23.83C21.66,340.88,7.36,318,1.71,290.21-.41,279.77,0,269,.13,258.38c.36-26.21,9.67-49.29,26.35-69,26.09-30.88,60-45,100.28-43.17,4.43.2,6.18-1.21,7.54-5.07,10.82-30.82,27.65-58.06,51-80.85,31.92-31.18,69.88-51.2,114.14-58.63a69.26,69.26,0,0,1,11.41-1c3.54-.15,7.08.32,10.61-.32a6.74,6.74,0,0,1,1.73-.18C332.3.4,341.45-.57,350.56.58Z"
            fill="#C08D2C"
          />
          <path
            class="color-2"
            d="M179.66,382.53c1.2-1.35,2.33-2.76,3.6-4,58-58,116.11-115.77,173.77-174,17.69-17.87,35.79-35.32,53.4-53.25a8.08,8.08,0,0,1,6.24-2.72c15.52-.13,31.05.31,46.58.07,25.36-.39,48,7.72,68.09,22.47,25.29,18.57,40.45,43.72,46.22,74.54,1.42,2.17-.28,4.8,1,7h0c1.16,8.23.22,16.49.53,24.73,0,.53,0,1.07,0,1.6-.68,2.19-.42,4.46-.5,6.7a8.6,8.6,0,0,1-.18,1.43c-.51,1.62-.33,3.34-.76,5a107.36,107.36,0,0,1-16.72,40.22c-16.2,24.11-38.41,40-66.13,48.44-4,1.2-8.17.89-12.18,1.86h-189c-1-2.78,1-4.47,2.55-6,13.32-13.28,26.52-26.69,40-39.85,2.67-2.61,5.91-2.76,9.28-2.76h65.95c20,0,40-.13,59.95.07a42.81,42.81,0,0,0,18.39-3.91C536.31,309,545,250.37,511.47,217.13c-14.18-14-31.1-20.65-50.78-20.91-7.16-.09-14.32.05-21.48,0a11.65,11.65,0,0,0-8.95,3.55c-30.83,30.88-62.12,61.31-92.4,92.71-28.1,29.13-57.15,57.3-85.45,86.21a24.59,24.59,0,0,1-5.76,3.88Z"
            fill="#FFFFFF"
          />
        </svg>
      </div>
    </div>
  </div>
  <span
    hidden=""
    id="__chakra_env"
  />
</DocumentFragment>
`;
