// Jest Snapshot v1, https://goo.gl/fbAQLP

exports[`component.Buttons buttons.Cancel default 1`] = `
<DocumentFragment>
  <button
    class="chakra-button css-pmna7d"
    type="button"
  >
    words.cancel
  </button>
  <span
    hidden=""
    id="__chakra_env"
  />
</DocumentFragment>
`;
