// Jest Snapshot v1, https://goo.gl/fbAQLP

exports[`component.Buttons buttons.Link default 1`] = `
<DocumentFragment>
  <a
    class="chakra-button css-ez23ye"
    href="/example/link"
  />
  <span
    hidden=""
    id="__chakra_env"
  />
</DocumentFragment>
`;
